// Jest Snapshot v1, https://goo.gl/fbAQLP

exports[`TodoList Component Tests matches snapshot 1`] = `
<DocumentFragment>
  <div>
    <form>
      <label
        for="new-todo"
      >
        Add a new task:
      </label>
      <input
        id="new-todo"
        placeholder="Add a new task"
        type="text"
        value=""
      />
      <button
        type="submit"
      >
        Add Todo
      </button>
    </form>
  </div>
</DocumentFragment>
`;
